******************************************************************************
                  TI ARM Linker PC v18.1.2                     
******************************************************************************
>> Linked Sat Jul  6 04:13:01 2019

OUTPUT FILE NAME:   <tiva_c_dynamic_drivers.out>
ENTRY POINT SYMBOL: "_c_int00_noargs"  address: 00000949


MEMORY CONFIGURATION

         name            origin    length      used     unused   attr    fill
----------------------  --------  ---------  --------  --------  ----  --------
  FLASH                 00000000   00040000  00000a42  0003f5be  R  X
  SRAM                  20000000   00008000  00000201  00007dff  RW X


SEGMENT ALLOCATION MAP

run origin  load origin   length   init length attrs members
----------  ----------- ---------- ----------- ----- -------
00000000    00000000    00000a48   00000a48    r-x
  00000000    00000000    0000026c   0000026c    r-- .intvecs
  0000026c    0000026c    0000074a   0000074a    r-x .text
  000009b8    000009b8    00000074   00000074    r-- .const
  00000a30    00000a30    00000018   00000018    r-- .cinit
20000000    20000000    00000201   00000000    rw-
  20000000    20000000    00000200   00000000    rw- .stack
  20000200    20000200    00000001   00000000    rw- .data


SECTION ALLOCATION MAP

 output                                  attributes/
section   page    origin      length       input sections
--------  ----  ----------  ----------   ----------------
.intvecs   0    00000000    0000026c     
                  00000000    0000026c     tm4c123gh6pm_startup_ccs.obj (.intvecs)

.text      0    0000026c    0000074a     
                  0000026c    00000594     GPIO.obj (.text)
                  00000800    0000009c     rtsv7M4_T_le_v4SPD16_eabi.lib : memcpy_t2.asm.obj (.text)
                  0000089c    00000068                                   : copy_decompress_lzss.c.obj (.text:decompress:lzss:__TI_decompress_lzss)
                  00000904    00000044                                   : autoinit.c.obj (.text:__TI_auto_init_nobinit_nopinit:__TI_auto_init_nobinit_nopinit)
                  00000948    00000038                                   : boot_cortex_m.c.obj (.text:_c_int00_noargs:_c_int00_noargs)
                  00000980    00000014     main.obj (.text)
                  00000994    0000000e     rtsv7M4_T_le_v4SPD16_eabi.lib : copy_decompress_none.c.obj (.text:decompress:none:__TI_decompress_none)
                  000009a2    0000000c     tm4c123gh6pm_startup_ccs.obj (.text)
                  000009ae    00000004     rtsv7M4_T_le_v4SPD16_eabi.lib : pre_init.c.obj (.text:_system_pre_init)
                  000009b2    00000004                                   : exit.c.obj (.text:abort:abort)

.const     0    000009b8    00000074     
                  000009b8    00000028     GPIO.obj (.const:SIG7)
                  000009e0    00000020     GPIO.obj (.const:UART_BASE)
                  00000a00    00000018     GPIO.obj (.const:PortsBaseAddressLut)
                  00000a18    00000014     GPIO_Cfg.obj (.const:GPIO_ConfigParam)

.cinit     0    00000a30    00000018     
                  00000a30    00000008     (__TI_handler_table)
                  00000a38    00000005     (.cinit..data.load) [load image, compression = lzss]
                  00000a3d    00000003     --HOLE-- [fill = 0]
                  00000a40    00000008     (__TI_cinit_table)

.init_array 
*          0    00000000    00000000     UNINITIALIZED

.data      0    20000200    00000001     UNINITIALIZED
                  20000200    00000001     GPIO.obj (.data:GPIO_GroupState)

.stack     0    20000000    00000200     UNINITIALIZED
                  20000000    00000004     rtsv7M4_T_le_v4SPD16_eabi.lib : boot_cortex_m.c.obj (.stack)
                  20000004    000001fc     --HOLE--

MODULE SUMMARY

       Module                         code   ro data   rw data
       ------                         ----   -------   -------
    .\
       GPIO.obj                       1428   96        1      
       tm4c123gh6pm_startup_ccs.obj   12     620       0      
       GPIO_Cfg.obj                   0      20        0      
       main.obj                       20     0         0      
    +--+------------------------------+------+---------+---------+
       Total:                         1460   736       1      
                                                              
    C:\ti\ccsv8\tools\compiler\ti-cgt-arm_18.1.2.LTS\lib\rtsv7M4_T_le_v4SPD16_eabi.lib
       memcpy_t2.asm.obj              156    0         0      
       copy_decompress_lzss.c.obj     104    0         0      
       autoinit.c.obj                 68     0         0      
       boot_cortex_m.c.obj            56     0         0      
       copy_decompress_none.c.obj     14     0         0      
       exit.c.obj                     4      0         0      
       pre_init.c.obj                 4      0         0      
    +--+------------------------------+------+---------+---------+
       Total:                         406    0         0      
                                                              
       Stack:                         0      0         512    
       Linker Generated:              0      21        0      
    +--+------------------------------+------+---------+---------+
       Grand Total:                   1866   757       513    


LINKER GENERATED COPY TABLES

__TI_cinit_table @ 00000a40 records: 1, size/record: 8, table size: 8
	.data: load addr=00000a38, load size=00000005 bytes, run addr=20000200, run size=00000001 bytes, compression=lzss


LINKER GENERATED HANDLER TABLE

__TI_handler_table @ 00000a30 records: 2, size/record: 4, table size: 8
	index: 0, handler: __TI_decompress_lzss
	index: 1, handler: __TI_decompress_none


GLOBAL SYMBOLS: SORTED ALPHABETICALLY BY Name 

address   name                          
-------   ----                          
000006b1  Blink_Int                     
000009b3  C$$EXIT                       
UNDEFED   GPIODATA_WRITE                
00000613  GPIO_ClrInterruptFlag         
00000a18  GPIO_ConfigParam              
000006a1  GPIO_GetInterruptStatus       
0000026d  GPIO_Init                     
000004c1  GPIO_Read                     
0000066d  GPIO_Read_Char_Uart           
0000054b  GPIO_SetAlternFuntion         
00000569  GPIO_SetInterruptEvent        
00000447  GPIO_Write                    
00000621  GPIO_Write_Char_Uart          
000009a3  ResetISR                      
000006d1  UART_INIT                     
20000200  __STACK_END                   
00000200  __STACK_SIZE                  
20000200  __STACK_TOP                   
00000a40  __TI_CINIT_Base               
00000a48  __TI_CINIT_Limit              
00000a30  __TI_Handler_Table_Base       
00000a38  __TI_Handler_Table_Limit      
00000905  __TI_auto_init_nobinit_nopinit
0000089d  __TI_decompress_lzss          
00000995  __TI_decompress_none          
ffffffff  __TI_pprof_out_hndl           
ffffffff  __TI_prof_data_size           
ffffffff  __TI_prof_data_start          
00000000  __TI_static_base__            
00000801  __aeabi_memcpy                
00000801  __aeabi_memcpy4               
00000801  __aeabi_memcpy8               
ffffffff  __binit__                     
ffffffff  __c_args__                    
UNDEFED   __mpu_init                    
20000000  __stack                       
00000949  _c_int00_noargs               
UNDEFED   _system_post_cinit            
000009af  _system_pre_init              
000009b3  abort                         
ffffffff  binit                         
00000000  g_pfnVectors                  
00000981  main                          
00000801  memcpy                        
000007c5  portb_pnum_7sig               


GLOBAL SYMBOLS: SORTED BY Symbol Address 

address   name                          
-------   ----                          
00000000  __TI_static_base__            
00000000  g_pfnVectors                  
00000200  __STACK_SIZE                  
0000026d  GPIO_Init                     
00000447  GPIO_Write                    
000004c1  GPIO_Read                     
0000054b  GPIO_SetAlternFuntion         
00000569  GPIO_SetInterruptEvent        
00000613  GPIO_ClrInterruptFlag         
00000621  GPIO_Write_Char_Uart          
0000066d  GPIO_Read_Char_Uart           
000006a1  GPIO_GetInterruptStatus       
000006b1  Blink_Int                     
000006d1  UART_INIT                     
000007c5  portb_pnum_7sig               
00000801  __aeabi_memcpy                
00000801  __aeabi_memcpy4               
00000801  __aeabi_memcpy8               
00000801  memcpy                        
0000089d  __TI_decompress_lzss          
00000905  __TI_auto_init_nobinit_nopinit
00000949  _c_int00_noargs               
00000981  main                          
00000995  __TI_decompress_none          
000009a3  ResetISR                      
000009af  _system_pre_init              
000009b3  C$$EXIT                       
000009b3  abort                         
00000a18  GPIO_ConfigParam              
00000a30  __TI_Handler_Table_Base       
00000a38  __TI_Handler_Table_Limit      
00000a40  __TI_CINIT_Base               
00000a48  __TI_CINIT_Limit              
20000000  __stack                       
20000200  __STACK_END                   
20000200  __STACK_TOP                   
ffffffff  __TI_pprof_out_hndl           
ffffffff  __TI_prof_data_size           
ffffffff  __TI_prof_data_start          
ffffffff  __binit__                     
ffffffff  __c_args__                    
ffffffff  binit                         
UNDEFED   GPIODATA_WRITE                
UNDEFED   __mpu_init                    
UNDEFED   _system_post_cinit            

[45 symbols]
