******************************************************************************
                  TI ARM Linker PC v18.1.2                     
******************************************************************************
>> Linked Mon Sep 23 20:28:10 2019

OUTPUT FILE NAME:   <tiva_c_dynamic_drivers.out>
ENTRY POINT SYMBOL: "_c_int00_noargs"  address: 00000b6d


MEMORY CONFIGURATION

         name            origin    length      used     unused   attr    fill
----------------------  --------  ---------  --------  --------  ----  --------
  FLASH                 00000000   00040000  00000c60  0003f3a0  R  X
  SRAM                  20000000   00008000  00000220  00007de0  RW X


SEGMENT ALLOCATION MAP

run origin  load origin   length   init length attrs members
----------  ----------- ---------- ----------- ----- -------
00000000    00000000    00000c60   00000c60    r-x
  00000000    00000000    0000026c   0000026c    r-- .intvecs
  0000026c    0000026c    000009a8   000009a8    r-x .text
  00000c14    00000c14    0000001c   0000001c    r-- .const
  00000c30    00000c30    00000030   00000030    r-- .cinit
20000000    20000000    00000220   00000000    rw-
  20000000    20000000    00000200   00000000    rw- .stack
  20000200    20000200    00000020   00000000    rw- .data


SECTION ALLOCATION MAP

 output                                  attributes/
section   page    origin      length       input sections
--------  ----  ----------  ----------   ----------------
.intvecs   0    00000000    0000026c     
                  00000000    0000026c     tm4c123gh6pm_startup_ccs.obj (.intvecs)

.text      0    0000026c    000009a8     
                  0000026c    0000033c     UART.obj (.text)
                  000005a8    000001b6     rtsv7M4_T_le_v4SPD16_eabi.lib : fd_add_t2.asm.obj (.text)
                  0000075e    00000136                                   : fd_div_t2.asm.obj (.text)
                  00000894    000000fc                                   : fd_mul_t2.asm.obj (.text)
                  00000990    0000009c                                   : memcpy_t2.asm.obj (.text)
                  00000a2c    00000068                                   : copy_decompress_lzss.c.obj (.text:decompress:lzss:__TI_decompress_lzss)
                  00000a94    0000004c     main.obj (.text)
                  00000ae0    00000048     rtsv7M4_T_le_v4SPD16_eabi.lib : fd_toi_t2.asm.obj (.text)
                  00000b28    00000044                                   : autoinit.c.obj (.text:__TI_auto_init_nobinit_nopinit:__TI_auto_init_nobinit_nopinit)
                  00000b6c    00000038                                   : boot_cortex_m.c.obj (.text:_c_int00_noargs:_c_int00_noargs)
                  00000ba4    0000002e                                   : i_tofd_t2.asm.obj (.text)
                  00000bd2    00000020                                   : u_tofd_t2.asm.obj (.text)
                  00000bf2    0000000e                                   : copy_decompress_none.c.obj (.text:decompress:none:__TI_decompress_none)
                  00000c00    0000000c     tm4c123gh6pm_startup_ccs.obj (.text)
                  00000c0c    00000004     rtsv7M4_T_le_v4SPD16_eabi.lib : pre_init.c.obj (.text:_system_pre_init)
                  00000c10    00000004                                   : exit.c.obj (.text:abort:abort)

.const     0    00000c14    0000001c     
                  00000c14    0000000f     main.obj (.const:.string:$P$T0$1)
                  00000c23    00000001     --HOLE-- [fill = 0]
                  00000c24    0000000c     UART_Cnf.obj (.const:UART_GROUPS)

.cinit     0    00000c30    00000030     
                  00000c30    00000020     (.cinit..data.load) [load image, compression = lzss]
                  00000c50    00000008     (__TI_handler_table)
                  00000c58    00000008     (__TI_cinit_table)

.init_array 
*          0    00000000    00000000     UNINITIALIZED

.data      0    20000200    00000020     UNINITIALIZED
                  20000200    00000020     UART.obj (.data:UART_Module)

.stack     0    20000000    00000200     UNINITIALIZED
                  20000000    00000004     rtsv7M4_T_le_v4SPD16_eabi.lib : boot_cortex_m.c.obj (.stack)
                  20000004    000001fc     --HOLE--

MODULE SUMMARY

       Module                         code   ro data   rw data
       ------                         ----   -------   -------
    .\
       tm4c123gh6pm_startup_ccs.obj   12     620       0      
       main.obj                       76     15        0      
    +--+------------------------------+------+---------+---------+
       Total:                         88     635       0      
                                                              
    .\UART\
       UART.obj                       828    0         32     
       UART_Cnf.obj                   0      12        0      
    +--+------------------------------+------+---------+---------+
       Total:                         828    12        32     
                                                              
    C:\ti\ccsv8\tools\compiler\ti-cgt-arm_18.1.2.LTS\lib\rtsv7M4_T_le_v4SPD16_eabi.lib
       fd_add_t2.asm.obj              438    0         0      
       fd_div_t2.asm.obj              310    0         0      
       fd_mul_t2.asm.obj              252    0         0      
       memcpy_t2.asm.obj              156    0         0      
       copy_decompress_lzss.c.obj     104    0         0      
       fd_toi_t2.asm.obj              72     0         0      
       autoinit.c.obj                 68     0         0      
       boot_cortex_m.c.obj            56     0         0      
       i_tofd_t2.asm.obj              46     0         0      
       u_tofd_t2.asm.obj              32     0         0      
       copy_decompress_none.c.obj     14     0         0      
       exit.c.obj                     4      0         0      
       pre_init.c.obj                 4      0         0      
    +--+------------------------------+------+---------+---------+
       Total:                         1556   0         0      
                                                              
       Stack:                         0      0         512    
       Linker Generated:              0      48        0      
    +--+------------------------------+------+---------+---------+
       Grand Total:                   2472   695       544    


LINKER GENERATED COPY TABLES

__TI_cinit_table @ 00000c58 records: 1, size/record: 8, table size: 8
	.data: load addr=00000c30, load size=00000020 bytes, run addr=20000200, run size=00000020 bytes, compression=lzss


LINKER GENERATED HANDLER TABLE

__TI_handler_table @ 00000c50 records: 2, size/record: 4, table size: 8
	index: 0, handler: __TI_decompress_lzss
	index: 1, handler: __TI_decompress_none


GLOBAL SYMBOLS: SORTED ALPHABETICALLY BY Name 

address   name                          
-------   ----                          
00000c11  C$$EXIT                       
00000c01  ResetISR                      
00000c24  UART_GROUPS                   
0000032d  UART_Init                     
000002f5  UART_RCV_Char                 
0000026d  UART_Send_Char                
20000200  __STACK_END                   
00000200  __STACK_SIZE                  
20000200  __STACK_TOP                   
00000c58  __TI_CINIT_Base               
00000c60  __TI_CINIT_Limit              
00000c50  __TI_Handler_Table_Base       
00000c58  __TI_Handler_Table_Limit      
00000b29  __TI_auto_init_nobinit_nopinit
00000a2d  __TI_decompress_lzss          
00000bf3  __TI_decompress_none          
ffffffff  __TI_pprof_out_hndl           
ffffffff  __TI_prof_data_size           
ffffffff  __TI_prof_data_start          
00000000  __TI_static_base__            
00000ae1  __aeabi_d2iz                  
000005b3  __aeabi_dadd                  
0000075f  __aeabi_ddiv                  
00000895  __aeabi_dmul                  
000005a9  __aeabi_dsub                  
00000ba5  __aeabi_i2d                   
00000991  __aeabi_memcpy                
00000991  __aeabi_memcpy4               
00000991  __aeabi_memcpy8               
00000bd3  __aeabi_ui2d                  
ffffffff  __binit__                     
ffffffff  __c_args__                    
UNDEFED   __mpu_init                    
20000000  __stack                       
00000b6d  _c_int00_noargs               
UNDEFED   _system_post_cinit            
00000c0d  _system_pre_init              
00000c11  abort                         
ffffffff  binit                         
00000000  g_pfnVectors                  
00000a95  main                          
00000991  memcpy                        


GLOBAL SYMBOLS: SORTED BY Symbol Address 

address   name                          
-------   ----                          
00000000  __TI_static_base__            
00000000  g_pfnVectors                  
00000200  __STACK_SIZE                  
0000026d  UART_Send_Char                
000002f5  UART_RCV_Char                 
0000032d  UART_Init                     
000005a9  __aeabi_dsub                  
000005b3  __aeabi_dadd                  
0000075f  __aeabi_ddiv                  
00000895  __aeabi_dmul                  
00000991  __aeabi_memcpy                
00000991  __aeabi_memcpy4               
00000991  __aeabi_memcpy8               
00000991  memcpy                        
00000a2d  __TI_decompress_lzss          
00000a95  main                          
00000ae1  __aeabi_d2iz                  
00000b29  __TI_auto_init_nobinit_nopinit
00000b6d  _c_int00_noargs               
00000ba5  __aeabi_i2d                   
00000bd3  __aeabi_ui2d                  
00000bf3  __TI_decompress_none          
00000c01  ResetISR                      
00000c0d  _system_pre_init              
00000c11  C$$EXIT                       
00000c11  abort                         
00000c24  UART_GROUPS                   
00000c50  __TI_Handler_Table_Base       
00000c58  __TI_CINIT_Base               
00000c58  __TI_Handler_Table_Limit      
00000c60  __TI_CINIT_Limit              
20000000  __stack                       
20000200  __STACK_END                   
20000200  __STACK_TOP                   
ffffffff  __TI_pprof_out_hndl           
ffffffff  __TI_prof_data_size           
ffffffff  __TI_prof_data_start          
ffffffff  __binit__                     
ffffffff  __c_args__                    
ffffffff  binit                         
UNDEFED   __mpu_init                    
UNDEFED   _system_post_cinit            

[42 symbols]
